>test0
aGCCCAATAAACCACTCTGACTGGCCGAATAGGGATATAGGCAACGACATGTGCGGCGACCCTTGCGACAGTGACGCTTTCGCCGTTGCCTAAACCTATTTGAAGGAGTCTAGCAGCCGCAGTAAGGCACAATACCTCGTCCGTGTTACCAGACCAAACAAGACGTCCTCTTCAATGTTTAAATGACCCTCTCGTCATAAAACCTTTCTACTATGTGTTCCGCAAGAATCAACAACTACAATGGCGCGTCGTGAATAACGCGACGGCTGAGACGAACGGCGCGTGAATGAAGCGCTTAAACAGCTCAGGAGCCAGTCCCCTACGTCGCATATCCTGGCCACTGGAGGTGAAGCGAATGGTATCGATACGTAGGAGGTGTGCCTTCGTAGGCTGTTTCTCAGGACGCCCAACTATTCTTTCCAATCCTACATCTGTTTCTTGCGTCGTAGCGGGACCCTCCATTGTTACTTATTAGGTTCTCGTTATGTCTCATAATCTCAGTGCTGGTGTGATAAGCAAACCACCCTACTGGCACGAAGTTCACAGAAGTGAGATTATGTCTCGTTTGGCAGTCTTGATGCTCGGGGGACACTTCTTTAAGCTCGGTGTGGTGGGCACGACCCTGGACGCGCGACGAAGCTAAGTTTGCAGTAATTAACCGACATCTTTGTGAACCGACCCACATTTGACGGTACGCTACCGCAACGGTATGTGTTAATGGAACAGACTTGCTTATGTGGACGTTGTATAGGGATATTACGTTACGCGTTAACCGATACATACTGGTTTCTCTCCAGTGGAGGTCTTGGTTGCCTCTAGTTTCTACGATATACTCATGGTAGTGTAACGCATAATCGAAGAGGGTCCTCCCATCTCCTGTGATGCATGGTGTGCTTACTGGGATGAATGCGCCGCAAGTAGCAGGTCCCGGCGTGGATACCTGATAGATGGTGACTAGCATGTACAAGTAACCTTGTCTATTGAGCttcg
>test1
gtGAACCGGACGAAAAGGTATGAACAGGAAGAGCAGTTGACGCAGCTGTGGACAAATGTGTATTGAAACTATCTATAAGTTTAATTTGCCCTATAGAGCGCGGAGTGTCGCGCCCGCTTCATTGAAGGTTTCACACGCCTCTTTCGGAGACGCGGTACATCATCATCCTTTTAAGCGCTTCAAATACAACGCCGGTCAGTTTATATATGTGTTTTGATCCGGAAGCCGCTGCTCCCAAGCATAGGTCTAAGTAAGAAAATCTAAACTGCGTGTCCGGCGTACAGTTAGTCTTGCCACATCTTGCCGTGGCTCGAAACATAAGTAGAAGGCCTATCACCGTCTCAAAAAACATAAGACCGGAGCACAGCTTTACTTCAACCTAGGTGTAGCAAAGCCATTCTGCAAGCTCTTGAATTTTATTTCCTCTGAATCTTCCCTTTTACTTATGCCATGCGACGGTTTCTGTTGACGAGAAGATATGTCACGTGATAAGTAAGAACGGCTTGTACACCAAACGAATATGCATGCCCCCTCAATCAATCACGCTTCGTGCTGAGTAGGTGTTGATTCGGGGCGGAGTTTGCGCGCGTCTTCTTGGCCATTGTAGCCTCGGCTGAGAGGAGACGTTCAATCGCCATTCTCGGGACAATCGGAGACAGGACAGCGCACTGCCTGCAAACCGAGCTGCTGCTTCGAAGTCCGGGGAGTAACGAATGGGGCTATCTCATTCCTGTACAGTGTCTGACTAGATTCAATCATCACGATTAGGAGCCTTCACCGCAGGAGCACGCTGGACCCACGCTGGTTTCAAGGAGGCACGCTGCAACTTAAGATCATCTGATCCATCAATCCCACTAGTCTTTAAGCTTATGGAGCAGGGAACACTCTACGGACGTTTACAGACGTTGGACCTAAACCTCAAGACCGTAAGCCAACCGCCACATATCTACATCTATGTTTCAAAGCAGAATATATCGGAGACCTAGaaag
>test2
cagctcTGTGTGATTTCGCAAGATTGGAACCGTTACTGCCTAAACGTCGATGTAGCCACTACAAGGTGATCGAACTTGATCCGAAATACACTATAGTTATTCTCATCTGCTGTAAAATTTGAATAACCGTTAATAAGCTAATAAAACCCACTCAGAAAAATCGAATTTTAAAGGAATCCCCGATGCGTATTCAATACGGGTGGACGCACGGAGTGGACGCGCTCCGCCATGGTTACCACATACCACATTTTGGCCTATCAAGTCATTTTTCTACTGAAGTATGGGGGGTGTTACTAGCGCTCCTCCCTTTGGGCTGGTGGGACAACAGCTTGGGCCCCCGGCCGTTCCTGTGGCACAACCTTAAGTTAAGAAAGATCCAGCGCAAGTTGAATCTGAGTCAGAAAAAGGCAACTTCCATGTGCTTCACTCCTTTCAAGCAATGCTAGAGCTGCCATGTAGCCATTGCGGAGGTGCGTGCTCGGTCCGGGGAGCAAAAGTAATTGGGCAGTTTCTCCCGCAACGGCGCGTCTTCACGCGGTAACAAATGATCCGCTCGCAGAGTGGCTTATACGCGAAGGCGTCTCTGCCATACACTTGCTTGAGCTTCATGATTACGTGGGATGCCAAAGTGGACTCAATACTCCCGAGCCATGTACATCTAGGGGGCAATGGTTTGAGTGACATCCCGCCTCAGTGTTTATACGATTTTATGAGCTAATTGGCCTGTGAGACGAGCTGCGTAAAACATATCACCTAACATCATGAAATGTTAAATTGCCTCGAGCCCATTGATTCACATGCACGCTTCGGCTTGAACGTTGATCATCTAGGCTCACGACGACCGTATGTTGTGGTGGGCATCCACGGTTGAGACAGACGTGATGTTCTGGTTACGACGCCGAATGTCTTTGTCATTACCCTTTTGGAAGCTAACAACGACGCTATCCACAATTTGTGAGTTTGGTGTTAAGATGTAATCCGAACCTTTtg
>test3
ataCGTTGGATGGCCGAACCTGTCGATTTCATGTGAGGACTGAATAGGTAGTTACCTCTCGTTGTGCTGCAGGTATTGATTTGGTAGATAAAGGCGCGAAATTATTACGGCAATCGAGCTGCACACCAGCAAATGCTGACTAACTTGGTAGCATCGTCACCGCTGGCCAGCGACACGAGTATAGGTTCCAGGAGATAACCGAGTCGGTTGGGGTTCATCGTTCTACATTATGCCTGATCCGGAGGGAACAAAAACTCAAAATCGCGACATATTATCTACGGAGCACGGTGCTGCCGTTCAGCAGGCCCCCACAACTCCTTCCGTAAGCTAGTGTCTCCGGCAGGGTAGCGTCGTATAATTAATTGGATGAACCGTGAGATTAGCAAGGCGACTACGTCCAAATTGGACCATTTACCGTTCTGTATAGAATAGACGAATTAAGATTTACGTAACTCTGTGTCCGATGTTCACCGCAATGTATACGTGAATAGGACGCTGTTCAAAATTTACTACTAGGAGTAACCGAAACCGGCCATGCCATGAAGTACTTGCTCATCTCGATCTACAAGCGAGCGCAACACCAGGGTAGGCCCACGGGCCGGCCCATAAGAGAATTCCCTCGAATCGAGCGCGTTGAGGAGTATGGGTCTAATAGACAATCGATACCTCCTAAGTTTTGCCTGATAGTGGCCACCGAACCCAAAACGCGAGCCACAGAAAAGATTGCGTAGAAAGGCTATCATGGTATGGCCGGTTCATAATTGATGTAAGCGATCGGATTGCAGGGTTGATCCGCCGAGAACTGATCTGCAGTTAGCCATGTGTCCGTACTTATTACAACATGACCTGAACAAGTCGGCCATGCATTGTACGTCTAATATCTCCGGTTTGGAGCCTACTCTATGTTCTTCCGATTAGCTCGTTCGAGGAGTATTCTTTCCGTTGGGAGTGCAGCAGCCACAGCAGTGGCCATTAATGCGATTGTTTAtg
>test4
GGATGTACCGGGCTTACAGTTAAAGGACCGACCAGACCTTTGTGTTCTAAACCATTCATTACCAGGCGATTATCGGCGGTGTCGCCTTCGGCCCCTCGAAAAACTTAGTCCCCATCCGCGAACGGGGAAGGCATCAACCAATTCTTGGGAGGTCCACTGTGCACACACACACCTGAAATTCCTCAAGGGATTACAGGAAATTCAATCTAAGCGGTCATGTTCGCGACGCGGGGGCCATTCCCGACTGTCTCTGGCCGTTTTTACTATCTTGGACGTTGCACCAGCAACAACAGGAAATCCGTTGATGCGATGATGATGCGGTGCCCGTAAGTCTTCAATGCGGCAATTTACATGACCATCGTCACGATACAGCAGCGTGACCAGCGTAATTGCTCGTCCCTAAACTACAGGCGAAAAAAAGCTATATCCCCCCTGTACCATATCATATGTTCCTTTGTTCTTCTCCGGTCGAAAGAAGTTAGGGCGACGCATTTTTGCTGGTTCCGGTCCTTTATAGTAAAACGCGCTTGCACAGACATGCAAAATTTCAGTAAAACGCAGGTTTCTATGTATGCCCGACACCACCCAGTTCCAATAATCAGGAGTAGTCCTGATAGTACATGCCAACGATACTGTAGGCCGTCGAATCCCTAGATCTTTATCGTCTTGTATGTGGACCGACAAACCTACTTAAGTCTGCACTGCGCGCGTGAATGTAGGCGAGACGCTTGAATTCCTTACAACATGCCAAGTAATATGGGGAACGATCGATGACCTCAATGCCGCCCAACCGAATCACATGGCTACAGGGTGTCAGCCATCATTGCTGCCATACGACTACCTGGACAGGCAAGTGTTTGCACCTAGGGACGGACGGACAGTAGCTCTCTGCCGGCTCGACCGGTATGTTGCTCGCCGTTAAGCGCCCGATTGGGTTATGAGGCATATTGCCATAAATTTGTGTGGCAGTGGTAGACTGCTACGGGcgat
